// Vitest Snapshot v1, https://vitest.dev/guide/snapshot.html

exports[`should render correctly 1`] = `
<div>
  <h1>
    Que pena, algo de errado aconteceu :(
  </h1>
</div>
`;
