// Vitest Snapshot v1, https://vitest.dev/guide/snapshot.html

exports[`create note card > should render correctly 1`] = `
<div>
  <button>
    +
  </button>
</div>
`;

exports[`create note card > should render correctly after cancelling 1`] = `
<div>
  <button>
    +
  </button>
</div>
`;

exports[`create note card > should render correctly after clicking 1`] = `
<div>
  <div
    class="_card_277467"
  >
    <input
      placeholder="Title"
      value=""
    />
    <input
      placeholder="Description"
      value=""
    />
    <div
      class="_cardFooter_277467"
    >
      <button
        disabled=""
      >
        Salvar
      </button>
      <button>
        Cancelar
      </button>
    </div>
  </div>
</div>
`;
