// Vitest Snapshot v1, https://vitest.dev/guide/snapshot.html

exports[`should render correctly > <Loading /> 1`] = `
<div>
  <h1>
    Carregando...
  </h1>
</div>
`;
